[backblue.gif]
[fade.gif]
[index.html]
[localhost/wuhbet/wp-content/uploads/2018/09/cljpg.jpg]
[localhost/wuhbet/index.html]
[localhost/wuhbet/index.php/feed/index.html]
[localhost/wuhbet/index.php/comments/feed/index.html]
[localhost/wuhbet/wp-content/plugins/contact-form-7/includes/css/styles5560.css]
[localhost/wuhbet/wp-content/plugins/mega-addons-for-visual-composer/css/ihovere100.css]
[localhost/wuhbet/wp-content/plugins/mega-addons-for-visual-composer/css/stylee100.css]
[localhost/wuhbet/wp-content/plugins/mega-addons-for-visual-composer/css/font-awesome/css/font-awesomee100.css]
[localhost/wuhbet/wp-content/plugins/revslider/rs-plugin/css/settings3fb5.css]
[localhost/wuhbet/wp-content/plugins/revslider/rs-plugin/css/captions3fb5.css]
[localhost/wuhbet/wp-content/themes/enfold/css/grid77ae.css]
[localhost/wuhbet/wp-includes/js/jquery/jqueryb8ff.js]
[localhost/wuhbet/wp-includes/js/jquery/jquery-migrate.min330a.js]
[localhost/wuhbet/wp-content/themes/enfold/css/base77ae.css]
[localhost/wuhbet/wp-content/themes/enfold/css/layout77ae.css]
[localhost/wuhbet/wp-includes/js/jquery/ui/core.mine899.js]
[localhost/wuhbet/wp-content/plugins/revslider/rs-plugin/js/jquery.themepunch.plugins.min3fb5.js]
[localhost/wuhbet/wp-content/themes/enfold/css/shortcodes77ae.css]
[localhost/wuhbet/wp-content/themes/enfold/js/aviapopup/magnific-popup68b3.css]
[localhost/wuhbet/wp-content/plugins/revslider/rs-plugin/js/jquery.themepunch.revolution.min3fb5.js]
[localhost/wuhbet/wp-content/themes/enfold/js/mediaelement/skin-1/mediaelementplayer68b3.css]
[localhost/wuhbet/wp-content/themes/enfold/js/avia-compat77ae.js]
[localhost/wuhbet/wp-content/themes/enfold/css/print68b3.css]
[localhost/wuhbet/wp-content/uploads/dynamic_avia/enfold1a01.css]
[localhost/wuhbet/wp-content/themes/enfold/css/custom77ae.css]
[localhost/wuhbet/wp-includes/wlwmanifest.xml]
[localhost/wuhbet/wp-content/plugins/mega-addons-for-visual-composer/js/scripte100.html]
[localhost/wuhbet/index.php/wp-json/index.html]
[localhost/wuhbet/xmlrpc0db0.php]
[localhost/wuhbet/wp-content/themes/enfold/config-templatebuilder/avia-template-builder/assets/fonts/entypo-fontello30f4.eot]
[localhost/wuhbet/wp-content/themes/enfold/config-templatebuilder/avia-template-builder/assets/fonts/entypo-fontello30f4.woff]
[localhost/wuhbet/index.php/wp-json/oembed/1.0/embedb5ba]
[localhost/wuhbet/index.php/wp-json/oembed/1.0/embedbdbc.json]
[localhost/wuhbet/wp-content/themes/enfold/config-templatebuilder/avia-template-builder/assets/fonts/entypo-fontello30f4.ttf]
[localhost/wuhbet/xmlrpc.php]
[localhost/wuhbet/wp-content/uploads/2018/09/download-300x104.png]
[localhost/wuhbet/wp-content/themes/enfold/config-templatebuilder/avia-template-builder/assets/fonts/entypo-fontello30f4.svg]
[localhost/wuhbet/wp-content/uploads/2018/09/modihjtrml-300x197.jpg]
[localhost/wuhbet/wp-content/uploads/2018/09/visual.jpg]
[localhost/wuhbet/index.php/about-me/index.html]
[localhost/wuhbet/wp-content/uploads/2018/09/copywp1-300x197.jpg]
[localhost/wuhbet/wp-content/uploads/2018/09/modild1-300x197.jpg]
[localhost/wuhbet/index.php/contact-me/index.html]
[localhost/wuhbet/index.php/my-experiences/index.html]
[localhost/wuhbet/wp-content/plugins/contact-form-7/includes/js/scripts5560.js]
[localhost/wuhbet/wp-content/themes/enfold/js/avia592e.js]
[localhost/wuhbet/index.php/my-experiences/introduction-to-html5/index.html]
[localhost/wuhbet/index.php/my-experiences/visual-designing/index.html]
[localhost/wuhbet/index.php/my-experiences/leadership-development/index.html]
[localhost/wuhbet/wp-content/themes/enfold/js/shortcodes592e.js]
[localhost/wuhbet/wp-content/themes/enfold/js/aviapopup/jquery.magnific-popup.min77ae.js]
[localhost/wuhbet/wp-includes/js/mediaelement/mediaelement-and-player.min51cd.js]
[localhost/wuhbet/wp-includes/js/mediaelement/wp-mediaelement.mine100.js]
[localhost/wuhbet/wp-includes/js/comment-reply.mine100.js]
[localhost/wuhbet/index.php/my-experiences/wordpress-web-desinging/index.html]
[localhost/wuhbet/wp-includes/js/wp-embed.mine100.js]
[localhost/wuhbet/index1919.html]
[localhost/wuhbet/wp-content/plugins/contact-form-7/images/ajax-loader.gif]
[localhost/wuhbet/wp-content/themes/enfold/framework/index.html]
[localhost/wuhbet/wp-content/themes/enfold/index.html]
[localhost/wuhbet/wp-admin/admin-ajax.html]
[localhost/wuhbet/wp-content/plugins/mega-addons-for-visual-composer/fonts/glyphicons-halflings-regular.html]
[localhost/wuhbet/wp-content/plugins/mega-addons-for-visual-composer/fonts/glyphicons-halflings-regulard41d.html]
[localhost/wuhbet/wp-content/plugins/mega-addons-for-visual-composer/fonts/glyphicons-halflings-regular-2.html]
[localhost/wuhbet/wp-content/plugins/mega-addons-for-visual-composer/fonts/glyphicons-halflings-regular-3.html]
[localhost/wuhbet/wp-content/plugins/mega-addons-for-visual-composer/fonts/glyphicons-halflings-regular-4.html]
[localhost/wuhbet/wp-content/plugins/mega-addons-for-visual-composer/fonts/glyphicons-halflings-regular-5.html]
[localhost/wuhbet/wp-content/plugins/mega-addons-for-visual-composer/images/bg_header.html]
[localhost/wuhbet/wp-content/plugins/mega-addons-for-visual-composer/css/font-awesome/fonts/fontawesome-webfont3e6e.woff2]
[localhost/wuhbet/wp-content/plugins/mega-addons-for-visual-composer/css/font-awesome/fonts/fontawesome-webfont3e6e.woff]
[localhost/wuhbet/wp-content/plugins/revslider/rs-plugin/font/revicons90c6.eot]
[localhost/wuhbet/wp-content/plugins/mega-addons-for-visual-composer/css/font-awesome/fonts/fontawesome-webfont3e6e.html]
[localhost/wuhbet/wp-content/plugins/mega-addons-for-visual-composer/css/font-awesome/fonts/fontawesome-webfontd41d.html]
[localhost/wuhbet/wp-content/plugins/mega-addons-for-visual-composer/css/font-awesome/fonts/fontawesome-webfont3e6e-2.html]
[localhost/wuhbet/wp-content/plugins/revslider/rs-plugin/font/revicons90c6.ttf]
[localhost/wuhbet/wp-content/plugins/revslider/rs-plugin/font/revicons90c6.woff]
[localhost/wuhbet/wp-content/plugins/mega-addons-for-visual-composer/css/font-awesome/fonts/fontawesome-webfont3e6e.svg]
[localhost/wuhbet/wp-content/plugins/revslider/rs-plugin/font/revicons90c6.svg]
[localhost/wuhbet/wp-content/plugins/revslider/rs-plugin/assets/gridtile_white.png]
[localhost/wuhbet/wp-content/plugins/revslider/rs-plugin/assets/gridtile.png]
[localhost/wuhbet/wp-content/plugins/revslider/rs-plugin/assets/gridtile_3x3.png]
[localhost/wuhbet/wp-content/plugins/revslider/rs-plugin/assets/gridtile_3x3_white.png]
[localhost/wuhbet/wp-content/plugins/revslider/rs-plugin/assets/shadow1.png]
[localhost/wuhbet/wp-content/plugins/revslider/rs-plugin/assets/shadow3.png]
[localhost/wuhbet/wp-content/plugins/revslider/rs-plugin/assets/shadow2.png]
[localhost/wuhbet/wp-content/plugins/revslider/rs-plugin/images/gradient/g30.png]
[localhost/wuhbet/wp-content/plugins/revslider/rs-plugin/images/gradient/g40.png]
[localhost/wuhbet/wp-content/plugins/revslider/rs-plugin/assets/navigdots_bgtile.png]
[localhost/wuhbet/wp-content/plugins/revslider/rs-plugin/assets/boxed_bgtile.png]
[localhost/wuhbet/wp-content/plugins/revslider/rs-plugin/assets/bullet.png]
[localhost/wuhbet/wp-content/plugins/revslider/rs-plugin/assets/bullets.png]
[localhost/wuhbet/wp-content/plugins/revslider/rs-plugin/assets/bullet_boxed.png]
[localhost/wuhbet/wp-content/plugins/revslider/rs-plugin/assets/bullets2.png]
[localhost/wuhbet/wp-content/plugins/revslider/rs-plugin/assets/large_left.png]
[localhost/wuhbet/wp-content/plugins/revslider/rs-plugin/assets/navigdots.png]
[localhost/wuhbet/wp-content/plugins/revslider/rs-plugin/assets/small_left.png]
[localhost/wuhbet/wp-content/plugins/revslider/rs-plugin/assets/large_right.png]
[localhost/wuhbet/wp-content/plugins/revslider/rs-plugin/assets/arrow_left.png]
[localhost/wuhbet/wp-content/plugins/revslider/rs-plugin/assets/small_right.png]
[localhost/wuhbet/wp-content/plugins/revslider/rs-plugin/assets/small_left_boxed.png]
[localhost/wuhbet/wp-content/plugins/revslider/rs-plugin/assets/arrow_right.png]
[localhost/wuhbet/wp-content/plugins/revslider/rs-plugin/assets/arrowleft.png]
[localhost/wuhbet/wp-content/plugins/revslider/rs-plugin/assets/small_right_boxed.png]
[localhost/wuhbet/wp-content/plugins/revslider/rs-plugin/assets/arrow_left2.png]
[localhost/wuhbet/wp-content/plugins/revslider/rs-plugin/assets/arrowright.png]
[localhost/wuhbet/wp-content/plugins/revslider/rs-plugin/assets/arrow_right2.png]
[localhost/wuhbet/wp-content/plugins/revslider/rs-plugin/assets/timer.png]
[localhost/wuhbet/wp-content/plugins/revslider/rs-plugin/assets/loader.gif]
[localhost/wuhbet/wp-content/plugins/revslider/rs-plugin/assets/coloredbg.png]
[localhost/wuhbet/wp-content/themes/enfold/images/layout/loading.gif]
[localhost/wuhbet/wp-content/themes/enfold/images/layout/preload-dark-big.gif]
[localhost/wuhbet/wp-content/themes/enfold/js/mediaelement/skin-1/background.png]
[localhost/wuhbet/wp-content/themes/enfold/images/layout/preload-dark-grey-big.gif]
[localhost/wuhbet/wp-content/themes/enfold/js/mediaelement/skin-1/controls.png]
[localhost/wuhbet/wp-content/themes/enfold/js/mediaelement/skin-1/sep.png]
[localhost/wuhbet/wp-content/themes/enfold/images/background-images/fullsize-grunge.jpg]
[localhost/wuhbet/index.php/wp-json/oembed/1.0/embedd4b3.json]
[localhost/wuhbet/index.php/wp-json/oembed/1.0/embedd1bb]
[localhost/wuhbet/wp-content/uploads/2018/09/DSC00069.jpg]
[localhost/wuhbet/wp-content/plugins/js_composer/assets/css/js_composer.min0147.css]
[localhost/wuhbet/index678b.html]
[localhost/wuhbet/wp-content/plugins/js_composer/assets/js/dist/js_composer_front.min0147.js]
[localhost/wuhbet/index.php/about-me/index1919.html]
[localhost/wuhbet/index.php/about-me/Estifob@gmail.html]
[localhost/wuhbet/index.php/wp-json/oembed/1.0/embed1676]
[localhost/wuhbet/index.php/wp-json/oembed/1.0/embed2759.json]
[localhost/wuhbet/wp-content/plugins/mega-addons-for-visual-composer/css/infobannere100.css]
[localhost/wuhbet/index.php/wp-json/oembed/1.0/embeda6ab.json]
[localhost/wuhbet/index.php/wp-json/oembed/1.0/embed1dea]
[localhost/wuhbet/index0b69.html]
[localhost/wuhbet/index.php/wp-json/oembed/1.0/embed947b.json]
[localhost/wuhbet/wp-content/uploads/2018/09/869421.jpg]
[localhost/wuhbet/index.php/wp-json/oembed/1.0/embed298a]
[localhost/wuhbet/index.php/contact-me/index1919.html]
[localhost/wuhbet/index0e62.html]
[localhost/wuhbet/index.php/my-experiences/index1919.html]
[localhost/wuhbet/wp-content/uploads/2018/09/98-1030x687.jpg]
[localhost/wuhbet/wp-content/uploads/2018/09/ht-300x150.png]
[localhost/wuhbet/index0735.html]
[localhost/wuhbet/wp-content/uploads/2018/09/98-80x80.jpg]
[localhost/wuhbet/wp-content/uploads/2018/09/97-1030x687.jpg]
[localhost/wuhbet/wp-content/uploads/2018/09/97-80x80.jpg]
[localhost/wuhbet/index.php/my-experiences/introduction-to-html5/index1919.html]
[localhost/wuhbet/wp-content/uploads/2018/09/modild1.jpg]
[localhost/wuhbet/wp-content/uploads/2018/09/modild1-80x80.jpg]
[localhost/wuhbet/wp-content/uploads/2018/09/mdihtml0-80x80.jpg]
[localhost/wuhbet/wp-content/uploads/2018/09/mdihtml0.jpg]
[localhost/wuhbet/wp-content/uploads/2018/09/modihjtrml-80x80.jpg]
[localhost/wuhbet/wp-content/uploads/2018/09/modihjtrml.jpg]
[localhost/wuhbet/wp-content/uploads/2018/09/81.jpg]
[localhost/wuhbet/wp-content/plugins/js_composer/assets/lib/bower/flexslider/flexslider.min0147.css]
[localhost/wuhbet/wp-content/plugins/js_composer/assets/lib/vc_carousel/css/vc_carousel.min0147.css]
[localhost/wuhbet/wp-content/plugins/js_composer/assets/lib/prettyphoto/css/prettyPhoto.min0147.css]
[localhost/wuhbet/wp-content/plugins/js_composer/assets/lib/bower/font-awesome/css/font-awesome.min0147.css]
[localhost/wuhbet/wp-content/plugins/js_composer/assets/lib/owl-carousel2-dist/assets/owl.min0147.css]
[localhost/wuhbet/wp-content/plugins/js_composer/assets/lib/bower/animate-css/animate.min0147.css]
[localhost/wuhbet/wp-content/plugins/js_composer/assets/lib/bower/flexslider/jquery.flexslider-min0147.js]
[localhost/wuhbet/wp-content/plugins/mega-addons-for-visual-composer/css/headinge100.css]
[localhost/wuhbet/wp-content/plugins/js_composer/assets/lib/vc_carousel/js/transition.min0147.js]
[localhost/wuhbet/wp-content/plugins/js_composer/assets/lib/vc_carousel/js/vc_carousel.min0147.js]
[localhost/wuhbet/wp-content/plugins/js_composer/assets/lib/prettyphoto/js/jquery.prettyPhoto.min0147.js]
[localhost/wuhbet/wp-content/plugins/js_composer/assets/lib/bower/imagesloaded/imagesloaded.pkgd.mine100.js]
[localhost/wuhbet/wp-content/plugins/js_composer/assets/lib/owl-carousel2-dist/owl.carousel.min0147.js]
[localhost/wuhbet/wp-content/plugins/js_composer/assets/lib/waypoints/waypoints.min0147.js]
[localhost/wuhbet/wp-includes/js/underscore.min4511.js]
[localhost/wuhbet/wp-content/plugins/js_composer/assets/js/dist/vc_grid.min0147.js]
[localhost/wuhbet/index341b.html]
[localhost/wuhbet/index.php/wp-json/oembed/1.0/embed535e.json]
[localhost/wuhbet/wp-content/uploads/2018/09/vpx.jpg]
[localhost/wuhbet/index.php/wp-json/oembed/1.0/embedca75]
[localhost/wuhbet/index.php/my-experiences/visual-designing/index1919.html]
[localhost/wuhbet/index.php/wp-json/oembed/1.0/embed5e21.json]
[localhost/wuhbet/wp-content/uploads/2018/09/leaders-19d6c.jpg]
[localhost/wuhbet/index0345.html]
[localhost/wuhbet/wp-content/uploads/2018/09/LEADER4-1.jpg]
[localhost/wuhbet/wp-content/uploads/2018/09/Thought-leadership-program-graphic-300x199.png]
[localhost/wuhbet/index.php/wp-json/oembed/1.0/embeda780]
[localhost/wuhbet/wp-content/uploads/2018/09/LEADER4-1-80x80.jpg]
[localhost/wuhbet/wp-content/uploads/2018/09/lesder.jpg]
[localhost/wuhbet/index.php/my-experiences/leadership-development/index1919.html]
[localhost/wuhbet/wp-content/uploads/2018/09/lesder-80x80.jpg]
[localhost/wuhbet/wp-content/uploads/2018/09/LEADER3s.png]
[localhost/wuhbet/wp-content/uploads/2018/09/LEADER3s-80x80.png]
[localhost/wuhbet/wp-content/uploads/2018/09/leADER2.jpg]
[localhost/wuhbet/wp-content/uploads/2018/09/leader-1.jpg]
[localhost/wuhbet/wp-content/uploads/2018/09/leADER2-80x80.jpg]
[localhost/wuhbet/wp-content/uploads/2018/09/leader-1-80x80.jpg]
[localhost/wuhbet/index2cf9.html]
[localhost/wuhbet/wp-content/uploads/2018/09/images2568.jpg]
[localhost/wuhbet/index.php/wp-json/oembed/1.0/embed36c7.json]
[localhost/wuhbet/wp-content/uploads/2018/09/images1.jpg]
[localhost/wuhbet/index.php/wp-json/oembed/1.0/embedd28a]
[localhost/wuhbet/wp-content/uploads/2018/09/images3-e1537016892740.jpg]
[localhost/wuhbet/wp-content/uploads/2018/09/images3-300x154.jpg]
[localhost/wuhbet/wp-content/uploads/2018/09/images2-300x168.png]
[localhost/wuhbet/index.php/my-experiences/wordpress-web-desinging/index1919.html]
[localhost/wuhbet/wp-content/uploads/2018/09/images.jpg]
[localhost/wuhbet/index.php/search/feed/rss2/index.html]
[localhost/icons/blank.html]
[localhost/wuhbet/wp-content/themes/enfold/framework/indexc052.html]
[localhost/wuhbet/wp-content/themes/enfold/framework/indexf8a0.html]
[localhost/wuhbet/wp-content/themes/enfold/framework/indexbfec.html]
[localhost/wuhbet/wp-content/themes/enfold/framework/index30b5.html]
[localhost/icons/back.html]
[localhost/icons/unknown.html]
[localhost/wuhbet/wp-content/themes/enfold/framework/avia_framework.html]
[localhost/icons/folder.html]
[localhost/wuhbet/wp-content/themes/enfold/framework/css/index.html]
[localhost/wuhbet/wp-content/plugins/js_composer/assets/vc/alert.png]
[localhost/wuhbet/wp-content/themes/enfold/framework/images/index.html]
[localhost/wuhbet/wp-content/plugins/js_composer/assets/vc/info.png]
[localhost/wuhbet/wp-content/themes/enfold/framework/js/index.html]
[localhost/wuhbet/wp-content/plugins/js_composer/assets/vc/tick.png]
[localhost/wuhbet/wp-content/themes/enfold/framework/php/index.html]
[localhost/wuhbet/wp-content/plugins/js_composer/assets/vc/exclamation.png]
[localhost/wuhbet/wp-content/plugins/js_composer/assets/images/icons/alarm-clock.png]
[localhost/wuhbet/wp-content/plugins/js_composer/assets/images/icons/address-book.png]
[localhost/wuhbet/wp-content/plugins/js_composer/assets/images/icons/application-image.png]
[localhost/wuhbet/wp-content/plugins/js_composer/assets/images/icons/anchor.png]
[localhost/wuhbet/wp-content/plugins/js_composer/assets/images/icons/asterisk.png]
[localhost/wuhbet/wp-content/plugins/js_composer/assets/images/icons/arrow.png]
[localhost/wuhbet/wp-content/plugins/js_composer/assets/images/icons/auction-hammer.png]
[localhost/wuhbet/wp-content/plugins/js_composer/assets/images/icons/balloon.png]
[localhost/wuhbet/wp-content/plugins/js_composer/assets/images/icons/balloon-facebook.png]
[localhost/wuhbet/wp-content/plugins/js_composer/assets/images/icons/balloon-buzz.png]
[localhost/wuhbet/wp-content/plugins/js_composer/assets/images/icons/balloon-twitter.png]
[localhost/wuhbet/wp-content/plugins/js_composer/assets/images/icons/battery-full.png]
[localhost/wuhbet/wp-content/plugins/js_composer/assets/images/icons/binocular.png]
[localhost/wuhbet/wp-content/plugins/js_composer/assets/images/icons/blue-document-excel.png]
[localhost/wuhbet/wp-content/plugins/js_composer/assets/images/icons/blue-document-music.png]
[localhost/wuhbet/wp-content/plugins/js_composer/assets/images/icons/blue-document-image.png]
[localhost/wuhbet/wp-content/plugins/js_composer/assets/images/icons/blue-document-pdf.png]
[localhost/wuhbet/wp-content/plugins/js_composer/assets/images/icons/blue-document-office.png]
[localhost/wuhbet/wp-content/plugins/js_composer/assets/images/icons/blue-document-powerpoint.png]
[localhost/wuhbet/wp-content/plugins/js_composer/assets/images/icons/blue-document-word.png]
[localhost/wuhbet/wp-content/plugins/js_composer/assets/images/icons/bookmark.png]
[localhost/wuhbet/wp-content/plugins/js_composer/assets/images/icons/camcorder.png]
[localhost/wuhbet/wp-content/plugins/js_composer/assets/images/icons/chart.png]
[localhost/wuhbet/wp-content/plugins/js_composer/assets/images/icons/camera.png]
[localhost/wuhbet/wp-content/plugins/js_composer/assets/images/icons/chart-pie.png]
[localhost/wuhbet/wp-content/plugins/js_composer/assets/images/icons/clock.png]
[localhost/wuhbet/wp-content/plugins/js_composer/assets/images/icons/fire.png]
[localhost/wuhbet/wp-content/plugins/js_composer/assets/images/icons/control.png]
[localhost/wuhbet/wp-content/plugins/js_composer/assets/images/icons/mail.png]
[localhost/wuhbet/wp-content/plugins/js_composer/assets/images/icons/heart.png]
[localhost/wuhbet/wp-content/plugins/js_composer/assets/images/icons/video.png]
[localhost/wuhbet/wp-content/plugins/js_composer/assets/images/icons/plus-shield.png]
[localhost/wuhbet/wp-content/plugins/js_composer/assets/images/toggle_close.png]
[localhost/wuhbet/wp-content/plugins/js_composer/assets/images/toggle_open.png]
[localhost/wuhbet/wp-content/plugins/js_composer/assets/images/flickr.png]
[localhost/wuhbet/wp-content/plugins/js_composer/assets/fonts/vc_grid/vc_grid_v157a1.eot]
[localhost/wuhbet/wp-content/plugins/js_composer/assets/fonts/vc_grid/vc_grid_v1d41d.eot]
[localhost/wuhbet/wp-content/plugins/js_composer/assets/fonts/vc_grid/vc_grid_v157a1.woff]
[localhost/wuhbet/wp-content/plugins/js_composer/assets/fonts/vc_grid/vc_grid_v157a1.ttf]
[localhost/wuhbet/wp-content/plugins/js_composer/assets/fonts/vc_grid/vc_grid_v157a1.svg]
[localhost/wuhbet/wp-content/plugins/js_composer/assets/lib/bower/flexslider/fonts/flexslider-icon.eot]
[localhost/wuhbet/wp-content/plugins/js_composer/assets/lib/bower/flexslider/fonts/flexslider-icon.woff]
[localhost/wuhbet/wp-content/plugins/js_composer/assets/lib/bower/flexslider/fonts/flexslider-icond41d.eot]
[localhost/wuhbet/wp-content/plugins/js_composer/assets/lib/bower/flexslider/fonts/flexslider-icon.ttf]
[localhost/wuhbet/wp-content/plugins/js_composer/assets/lib/bower/flexslider/fonts/flexslider-icon.svg]
[localhost/wuhbet/wp-content/plugins/js_composer/assets/lib/prettyphoto/images/prettyPhoto/default/sprite.png]
[localhost/wuhbet/wp-content/plugins/js_composer/assets/lib/prettyphoto/images/prettyPhoto/default/sprite_y.png]
[localhost/wuhbet/wp-content/plugins/js_composer/assets/lib/prettyphoto/images/prettyPhoto/default/sprite_x.png]
[localhost/wuhbet/wp-content/plugins/js_composer/assets/lib/prettyphoto/images/prettyPhoto/default/sprite_prev.png]
[localhost/wuhbet/wp-content/plugins/js_composer/assets/lib/prettyphoto/images/prettyPhoto/default/sprite_next.png]
[localhost/wuhbet/wp-content/plugins/js_composer/assets/lib/prettyphoto/images/prettyPhoto/default/default_thumb.png]
[localhost/wuhbet/wp-content/plugins/js_composer/assets/lib/prettyphoto/images/prettyPhoto/default/loader.gif]
[localhost/wuhbet/wp-content/plugins/js_composer/assets/lib/prettyphoto/images/prettyPhoto/light_rounded/sprite.png]
[localhost/wuhbet/wp-content/plugins/js_composer/assets/lib/prettyphoto/images/prettyPhoto/light_rounded/btnNext.png]
[localhost/wuhbet/wp-content/plugins/js_composer/assets/lib/prettyphoto/images/prettyPhoto/light_rounded/loader.gif]
[localhost/wuhbet/wp-content/plugins/js_composer/assets/lib/prettyphoto/images/prettyPhoto/light_rounded/btnPrevious.png]
[localhost/wuhbet/wp-content/plugins/js_composer/assets/lib/prettyphoto/images/prettyPhoto/dark_rounded/contentPattern.png]
[localhost/wuhbet/wp-content/plugins/js_composer/assets/lib/prettyphoto/images/prettyPhoto/dark_rounded/sprite.png]
[localhost/wuhbet/wp-content/plugins/js_composer/assets/lib/prettyphoto/images/prettyPhoto/dark_rounded/btnNext.png]
[localhost/wuhbet/wp-content/plugins/js_composer/assets/lib/prettyphoto/images/prettyPhoto/dark_rounded/btnPrevious.png]
[localhost/wuhbet/wp-content/plugins/js_composer/assets/lib/prettyphoto/images/prettyPhoto/dark_square/loader.gif]
[localhost/wuhbet/wp-content/plugins/js_composer/assets/lib/prettyphoto/images/prettyPhoto/dark_rounded/loader.gif]
[localhost/wuhbet/wp-content/plugins/js_composer/assets/lib/prettyphoto/images/prettyPhoto/dark_square/btnNext.png]
[localhost/wuhbet/wp-content/plugins/js_composer/assets/lib/prettyphoto/images/prettyPhoto/dark_square/sprite.png]
[localhost/wuhbet/wp-content/plugins/js_composer/assets/lib/prettyphoto/images/prettyPhoto/light_square/sprite.png]
[localhost/wuhbet/wp-content/plugins/js_composer/assets/lib/prettyphoto/images/prettyPhoto/dark_square/btnPrevious.png]
[localhost/wuhbet/wp-content/plugins/js_composer/assets/lib/prettyphoto/images/prettyPhoto/light_square/btnPrevious.png]
[localhost/wuhbet/wp-content/plugins/js_composer/assets/lib/prettyphoto/images/prettyPhoto/light_square/btnNext.png]
[localhost/wuhbet/wp-content/plugins/js_composer/assets/lib/prettyphoto/images/prettyPhoto/facebook/sprite.png]
[localhost/wuhbet/wp-content/plugins/js_composer/assets/lib/prettyphoto/images/prettyPhoto/facebook/contentPatternTop.png]
[localhost/wuhbet/wp-content/plugins/js_composer/assets/lib/prettyphoto/images/prettyPhoto/facebook/contentPatternLeft.png]
[localhost/wuhbet/wp-content/plugins/js_composer/assets/lib/prettyphoto/images/prettyPhoto/facebook/contentPatternRight.png]
[localhost/wuhbet/wp-content/plugins/js_composer/assets/lib/prettyphoto/images/prettyPhoto/facebook/btnNext.png]
[localhost/wuhbet/wp-content/plugins/js_composer/assets/lib/prettyphoto/images/prettyPhoto/facebook/loader.gif]
[localhost/wuhbet/wp-content/plugins/js_composer/assets/lib/prettyphoto/images/prettyPhoto/facebook/contentPatternBottom.png]
[localhost/wuhbet/wp-content/plugins/js_composer/assets/lib/prettyphoto/images/prettyPhoto/facebook/btnPrevious.png]
[localhost/wuhbet/wp-content/plugins/js_composer/assets/lib/bower/font-awesome/fonts/fontawesome-webfont3295.eot]
[localhost/wuhbet/wp-content/plugins/js_composer/assets/lib/prettyphoto/images/prettyPhoto/facebook/default_thumbnail.gif]
[localhost/wuhbet/wp-content/plugins/js_composer/assets/lib/bower/font-awesome/fonts/fontawesome-webfont3295.woff2]
[localhost/wuhbet/wp-content/plugins/js_composer/assets/lib/bower/font-awesome/fonts/fontawesome-webfontd41d.eot]
[localhost/wuhbet/wp-content/plugins/js_composer/assets/lib/bower/font-awesome/fonts/fontawesome-webfont3295.ttf]
[localhost/wuhbet/wp-content/plugins/js_composer/assets/lib/bower/font-awesome/fonts/fontawesome-webfont3295.woff]
[localhost/wuhbet/wp-content/plugins/js_composer/assets/lib/owl-carousel2-dist/assets/owl.video.play.png]
[localhost/wuhbet/wp-content/plugins/js_composer/assets/lib/bower/font-awesome/fonts/fontawesome-webfont3295.svg]
[localhost/wuhbet/wp-content/themes/enfold/framework/indexb70a.html]
[localhost/wuhbet/wp-content/themes/enfold/framework/index72c9.html]
[localhost/wuhbet/wp-content/themes/enfold/framework/index5851.html]
[localhost/wuhbet/wp-content/themes/enfold/framework/indexad3f.html]
[localhost/wuhbet/wp-content/themes/enfold/framework/css/indexc052.html]
[localhost/wuhbet/wp-content/themes/enfold/framework/css/indexf8a0.html]
[localhost/wuhbet/wp-content/themes/enfold/framework/css/indexbfec.html]
[localhost/wuhbet/wp-content/themes/enfold/framework/css/index30b5.html]
[localhost/icons/text.html]
[localhost/wuhbet/wp-content/themes/enfold/framework/css/avia_admin.css]
[localhost/wuhbet/wp-content/themes/enfold/framework/css/avia_colorpicker.css]
[localhost/wuhbet/wp-content/themes/enfold/framework/css/avia_sidebar.css]
[localhost/wuhbet/wp-content/themes/enfold/framework/css/conditional_load/index.html]
[localhost/wuhbet/wp-content/themes/enfold/framework/images/indexc052.html]
[localhost/wuhbet/wp-content/themes/enfold/framework/images/indexf8a0.html]
[localhost/wuhbet/wp-content/themes/enfold/framework/images/indexbfec.html]
[localhost/wuhbet/wp-content/themes/enfold/framework/images/index30b5.html]
[localhost/wuhbet/wp-content/themes/enfold/framework/images/colorpicker/index.html]
[localhost/wuhbet/wp-content/themes/enfold/framework/images/icons/index.html]
[localhost/wuhbet/wp-content/themes/enfold/framework/images/layout/index.html]
[localhost/wuhbet/wp-content/themes/enfold/framework/js/indexc052.html]
[localhost/wuhbet/wp-content/themes/enfold/framework/js/indexf8a0.html]
[localhost/wuhbet/wp-content/themes/enfold/framework/js/indexbfec.html]
[localhost/wuhbet/wp-content/themes/enfold/framework/js/avia_advanced_form_elements.js]
[localhost/wuhbet/wp-content/themes/enfold/framework/js/index30b5.html]
[localhost/wuhbet/wp-content/themes/enfold/framework/js/avia_colorpicker.js]
[localhost/wuhbet/wp-content/themes/enfold/framework/js/avia_dynamic_templates.js]
[localhost/wuhbet/wp-content/themes/enfold/framework/js/avia_edit_dynamic_templtes.js]
[localhost/wuhbet/wp-content/themes/enfold/framework/js/avia_media_advanced.js]
[localhost/wuhbet/wp-content/themes/enfold/framework/js/avia_media.js]
[localhost/wuhbet/wp-content/themes/enfold/framework/js/avia_media_wp35.js]
[localhost/wuhbet/wp-content/themes/enfold/framework/js/avia_mega_menu.js]
[localhost/wuhbet/wp-content/themes/enfold/framework/js/avia_sidebar.js]
[localhost/wuhbet/wp-content/themes/enfold/framework/js/avia_option_pages.js]
[localhost/wuhbet/wp-content/themes/enfold/framework/js/conditional_load/index.html]
[localhost/wuhbet/wp-content/themes/enfold/framework/php/indexc052.html]
[localhost/wuhbet/wp-content/themes/enfold/framework/php/indexf8a0.html]
[localhost/wuhbet/wp-content/themes/enfold/framework/php/indexbfec.html]
[localhost/wuhbet/wp-content/themes/enfold/framework/php/index30b5.html]
[localhost/wuhbet/wp-content/themes/enfold/framework/php/auto-updates/index.html]
[localhost/wuhbet/wp-content/themes/enfold/framework/php/avia_shortcodes/index.html]
[localhost/wuhbet/wp-content/themes/enfold/framework/php/class-adminpages.html]
[localhost/wuhbet/wp-content/themes/enfold/framework/php/class-breadcrumb.html]
[localhost/wuhbet/wp-content/themes/enfold/framework/php/class-database-option-sets.html]
[localhost/wuhbet/wp-content/themes/enfold/framework/php/class-form-generator.html]
[localhost/wuhbet/wp-content/themes/enfold/framework/php/class-framework-widgets.html]
[localhost/wuhbet/wp-content/themes/enfold/framework/php/class-htmlhelper.html]
[localhost/wuhbet/wp-content/themes/enfold/framework/php/class-media.html]
[localhost/wuhbet/wp-content/themes/enfold/framework/php/class-megamenu.html]
[localhost/wuhbet/wp-content/themes/enfold/framework/php/class-metabox.html]
[localhost/wuhbet/wp-content/themes/enfold/framework/php/class-queryfilter.html]
[localhost/wuhbet/wp-content/themes/enfold/framework/php/class-sidebar-generator.html]
[localhost/wuhbet/wp-content/themes/enfold/framework/php/class-style-generator.html]
[localhost/wuhbet/wp-content/themes/enfold/framework/php/class-superobject.html]
[localhost/wuhbet/wp-content/themes/enfold/framework/php/class-tgm-plugin-activation.html]
[localhost/wuhbet/wp-content/themes/enfold/framework/php/class-update-notifier.html]
[localhost/wuhbet/wp-content/themes/enfold/framework/php/function-set-avia-ajax.html]
[localhost/wuhbet/wp-content/themes/enfold/framework/php/function-set-avia-backend.html]
[localhost/wuhbet/wp-content/themes/enfold/framework/php/function-set-avia-frontend.html]
[localhost/wuhbet/wp-content/themes/enfold/framework/php/inc-autoconfig.html]
[localhost/wuhbet/wp-content/themes/enfold/framework/php/inc-avia-importer.html]
[localhost/wuhbet/wp-content/themes/enfold/framework/php/wordpress-importer/index.html]
[localhost/wuhbet/wp-content/themes/enfold/framework/css/indexb70a.html]
[localhost/wuhbet/wp-content/themes/enfold/framework/css/index72c9.html]
[localhost/wuhbet/wp-content/themes/enfold/framework/css/index5851.html]
[localhost/wuhbet/wp-content/themes/enfold/framework/images/layout/bg-bottom-shadow.png]
[localhost/wuhbet/wp-content/themes/enfold/framework/css/indexad3f.html]
[localhost/wuhbet/wp-content/themes/enfold/framework/images/icons/close.png]
[localhost/wuhbet/wp-content/themes/enfold/framework/images/icons/add.png]
[localhost/wuhbet/wp-content/themes/enfold/framework/images/icons/loading.gif]
[localhost/wuhbet/wp-content/themes/enfold/framework/images/icons/success.png]
[localhost/wuhbet/wp-content/themes/enfold/framework/images/icons/loading_mini.gif]
[localhost/wuhbet/wp-content/themes/enfold/framework/images/layout/bg-button.png]
[localhost/wuhbet/wp-content/themes/enfold/framework/images/icons/alert.png]
[localhost/wuhbet/wp-content/themes/enfold/framework/images/layout/select.png]
[localhost/wuhbet/wp-content/themes/enfold/framework/images/layout/bg-style-wrap.png]
[localhost/wuhbet/wp-content/themes/enfold/framework/images/icons/bin_closed.png]
[localhost/wuhbet/wp-content/themes/enfold/framework/images/layout/bg.png]
[localhost/wuhbet/wp-content/themes/enfold/framework/images/layout/sort_arrow_down.png]
[localhost/wuhbet/wp-content/themes/enfold/framework/php/avia_shortcodes/tinymce/img/icon.png]
[localhost/wuhbet/wp-content/themes/enfold/framework/images/colorpicker/colorpicker_overlay.png]
[localhost/wuhbet/wp-content/themes/enfold/framework/images/colorpicker/colorpicker_background.png]
[localhost/wuhbet/wp-content/themes/enfold/framework/images/colorpicker/colorpicker_select.gif]
[localhost/wuhbet/wp-content/themes/enfold/framework/images/colorpicker/colorpicker_indic.gif]
[localhost/wuhbet/wp-content/themes/enfold/framework/images/colorpicker/colorpicker_rgb_r.png]
[localhost/wuhbet/wp-content/themes/enfold/framework/images/colorpicker/colorpicker_hex.png]
[localhost/wuhbet/wp-content/themes/enfold/framework/images/colorpicker/colorpicker_rgb_b.png]
[localhost/wuhbet/wp-content/themes/enfold/framework/images/colorpicker/colorpicker_rgb_g.png]
[localhost/wuhbet/wp-content/themes/enfold/framework/images/colorpicker/colorpicker_hsb_s.png]
[localhost/wuhbet/wp-content/themes/enfold/framework/images/colorpicker/colorpicker_hsb_h.png]
[localhost/wuhbet/wp-content/themes/enfold/framework/images/colorpicker/colorpicker_submit.png]
[localhost/wuhbet/wp-content/themes/enfold/framework/images/colorpicker/colorpicker_hsb_b.png]
[localhost/wuhbet/wp-content/themes/enfold/framework/images/icons/icon-trash.png]
[localhost/wuhbet/wp-content/themes/enfold/framework/images/colorpicker/select2.png]
[localhost/wuhbet/wp-content/themes/enfold/framework/css/conditional_load/indexc052.html]
[localhost/wuhbet/wp-content/themes/enfold/framework/css/conditional_load/indexf8a0.html]
[localhost/wuhbet/wp-content/themes/enfold/framework/css/conditional_load/indexbfec.html]
[localhost/wuhbet/wp-content/themes/enfold/framework/css/conditional_load/index30b5.html]
[localhost/wuhbet/wp-content/themes/enfold/framework/css/conditional_load/avia_gallery_mode.css]
[localhost/wuhbet/wp-content/themes/enfold/framework/images/indexb70a.html]
[localhost/wuhbet/wp-content/themes/enfold/framework/images/index72c9.html]
[localhost/wuhbet/wp-content/themes/enfold/framework/images/index5851.html]
[localhost/wuhbet/wp-content/themes/enfold/framework/images/indexad3f.html]
[localhost/wuhbet/wp-content/themes/enfold/framework/images/colorpicker/indexc052.html]
[localhost/wuhbet/wp-content/themes/enfold/framework/images/colorpicker/indexf8a0.html]
[localhost/wuhbet/wp-content/themes/enfold/framework/images/colorpicker/blank.gif]
[localhost/wuhbet/wp-content/themes/enfold/framework/images/colorpicker/custom_background.png]
[localhost/wuhbet/wp-content/themes/enfold/framework/images/colorpicker/custom_hex.png]
[localhost/wuhbet/wp-content/themes/enfold/framework/images/colorpicker/indexbfec.html]
[localhost/wuhbet/wp-content/themes/enfold/framework/images/colorpicker/index30b5.html]
[localhost/icons/image2.html]
[localhost/wuhbet/wp-content/themes/enfold/framework/images/colorpicker/custom_hsb_b.png]
[localhost/wuhbet/wp-content/themes/enfold/framework/images/colorpicker/custom_hsb_h.png]
[localhost/wuhbet/wp-content/themes/enfold/framework/images/colorpicker/custom_hsb_s.png]
[localhost/wuhbet/wp-content/themes/enfold/framework/images/colorpicker/custom_indic.gif]
[localhost/wuhbet/wp-content/themes/enfold/framework/images/colorpicker/custom_rgb_g.png]
[localhost/wuhbet/wp-content/themes/enfold/framework/images/colorpicker/custom_rgb_b.png]
[localhost/wuhbet/wp-content/themes/enfold/framework/images/colorpicker/custom_submit.png]
[localhost/wuhbet/wp-content/themes/enfold/framework/images/colorpicker/custom_rgb_r.png]
[localhost/wuhbet/wp-content/themes/enfold/framework/images/colorpicker/slider.png]
[localhost/wuhbet/wp-content/themes/enfold/framework/images/colorpicker/select.png]
[localhost/wuhbet/wp-content/themes/enfold/framework/images/icons/indexc052.html]
[localhost/wuhbet/wp-content/themes/enfold/framework/images/icons/accept.png]
[localhost/wuhbet/wp-content/themes/enfold/framework/images/icons/application_side_expand.png]
[localhost/wuhbet/wp-content/themes/enfold/framework/images/icons/indexf8a0.html]
[localhost/wuhbet/wp-content/themes/enfold/framework/images/icons/indexbfec.html]
[localhost/wuhbet/wp-content/themes/enfold/framework/images/icons/blueprint_horizontal.png]
[localhost/wuhbet/wp-content/themes/enfold/framework/images/icons/book_addresses.png]
[localhost/wuhbet/wp-content/themes/enfold/framework/images/icons/blog.png]
[localhost/wuhbet/wp-content/themes/enfold/framework/images/icons/cog.png]
[localhost/wuhbet/wp-content/themes/enfold/framework/images/icons/brick.png]
[localhost/wuhbet/wp-content/themes/enfold/framework/images/icons/index30b5.html]
[localhost/wuhbet/wp-content/themes/enfold/framework/images/icons/doc_text_image.png]
[localhost/wuhbet/wp-content/themes/enfold/framework/images/icons/error.png]
[localhost/wuhbet/wp-content/themes/enfold/framework/images/icons/images.png]
[localhost/wuhbet/wp-content/themes/enfold/framework/images/icons/hammer_screwdriver.png]
[localhost/wuhbet/wp-content/themes/enfold/framework/images/icons/import_export.png]
[localhost/wuhbet/wp-content/themes/enfold/framework/images/icons/layout_header_footer_3_mix.png]
[localhost/wuhbet/wp-content/themes/enfold/framework/images/icons/layout_select_footer.png]
[localhost/wuhbet/wp-content/themes/enfold/framework/images/icons/layout_select.png]
[localhost/wuhbet/wp-content/themes/enfold/framework/images/icons/page_white_wrench.png]
[localhost/wuhbet/wp-content/themes/enfold/framework/images/icons/layout_select_sidebar.png]
[localhost/wuhbet/wp-content/themes/enfold/framework/images/icons/paintbrush.png]
[localhost/wuhbet/wp-content/themes/enfold/framework/images/icons/paintcan.png]
[localhost/wuhbet/wp-content/themes/enfold/framework/images/icons/photo_album.png]
[localhost/wuhbet/wp-content/themes/enfold/framework/images/icons/palette.png]
[localhost/wuhbet/wp-content/themes/enfold/framework/images/icons/social_facebook.png]
[localhost/wuhbet/wp-content/themes/enfold/framework/images/icons/search.png]
[localhost/wuhbet/wp-content/themes/enfold/framework/images/icons/social_twitter.png]
[localhost/wuhbet/wp-content/themes/enfold/framework/images/icons/social_flickr.png]
[localhost/wuhbet/wp-content/themes/enfold/framework/images/icons/update.png]
[localhost/wuhbet/wp-content/themes/enfold/framework/images/icons/user.png]
[localhost/wuhbet/wp-content/themes/enfold/framework/images/icons/video_insert_image.png]
[localhost/wuhbet/wp-content/themes/enfold/framework/images/icons/video.png]
[localhost/wuhbet/wp-content/themes/enfold/framework/images/icons/wand.png]
[localhost/wuhbet/wp-content/themes/enfold/framework/images/layout/indexc052.html]
[localhost/wuhbet/wp-content/themes/enfold/framework/images/layout/indexf8a0.html]
[localhost/wuhbet/wp-content/themes/enfold/framework/images/layout/indexbfec.html]
[localhost/wuhbet/wp-content/themes/enfold/framework/images/layout/index30b5.html]
[localhost/wuhbet/wp-content/themes/enfold/framework/images/layout/FIND_API.jpg]
[localhost/wuhbet/wp-content/themes/enfold/framework/images/layout/diagonal-bold-light.png]
[localhost/wuhbet/wp-content/themes/enfold/framework/images/layout/arrow.png]
[localhost/wuhbet/wp-content/themes/enfold/framework/images/layout/menu-bits.gif]
[localhost/wuhbet/wp-content/themes/enfold/framework/images/layout/gray-grad.png]
[localhost/wuhbet/wp-content/themes/enfold/framework/images/layout/transparency.png]
[localhost/wuhbet/wp-content/themes/enfold/framework/images/layout/select_colorpicker.png]
[localhost/wuhbet/wp-content/themes/enfold/framework/js/indexb70a.html]
[localhost/wuhbet/wp-content/themes/enfold/framework/js/index72c9.html]
[localhost/wuhbet/wp-content/themes/enfold/framework/js/index5851.html]
[localhost/wuhbet/wp-content/themes/enfold/framework/js/indexad3f.html]
[localhost/wuhbet/wp-content/themes/enfold/framework/js/conditional_load/indexc052.html]
[localhost/wuhbet/wp-content/themes/enfold/framework/js/conditional_load/indexf8a0.html]
[localhost/wuhbet/wp-content/themes/enfold/framework/js/conditional_load/indexbfec.html]
[localhost/wuhbet/wp-content/themes/enfold/framework/js/conditional_load/avia_conditional_mega_menu.js]
[localhost/wuhbet/wp-content/themes/enfold/framework/js/conditional_load/index30b5.html]
[localhost/wuhbet/wp-content/themes/enfold/framework/js/conditional_load/avia_google_maps_widget.js]
[localhost/wuhbet/wp-content/themes/enfold/framework/php/indexb70a.html]
[localhost/wuhbet/wp-content/themes/enfold/framework/php/index72c9.html]
[localhost/wuhbet/wp-content/themes/enfold/framework/php/index5851.html]
[localhost/wuhbet/wp-content/themes/enfold/framework/php/indexad3f.html]
[localhost/wuhbet/wp-content/themes/enfold/framework/php/auto-updates/indexc052.html]
[localhost/wuhbet/wp-content/themes/enfold/framework/php/auto-updates/indexf8a0.html]
[localhost/wuhbet/wp-content/themes/enfold/framework/php/auto-updates/indexbfec.html]
[localhost/wuhbet/wp-content/themes/enfold/framework/php/auto-updates/index30b5.html]
[localhost/wuhbet/wp-content/themes/enfold/framework/php/auto-updates/auto-updates.html]
[localhost/wuhbet/wp-content/themes/enfold/framework/php/auto-updates/class-envato-protected-api.html]
[localhost/wuhbet/wp-content/themes/enfold/framework/php/auto-updates/class-pixelentity-theme-update.html]
[localhost/wuhbet/wp-content/themes/enfold/framework/php/avia_shortcodes/indexc052.html]
[localhost/wuhbet/wp-content/themes/enfold/framework/php/avia_shortcodes/indexf8a0.html]
[localhost/wuhbet/wp-content/themes/enfold/framework/php/avia_shortcodes/indexbfec.html]
[localhost/wuhbet/wp-content/themes/enfold/framework/php/avia_shortcodes/index30b5.html]
[localhost/wuhbet/wp-content/themes/enfold/framework/php/avia_shortcodes/css/index.html]
[localhost/wuhbet/wp-content/themes/enfold/framework/php/avia_shortcodes/img/index.html]
[localhost/wuhbet/wp-content/themes/enfold/framework/php/avia_shortcodes/preview-shortcode-external.html]
[localhost/wuhbet/wp-content/themes/enfold/framework/php/avia_shortcodes/sc/index.html]
[localhost/wuhbet/wp-content/themes/enfold/framework/php/avia_shortcodes/shortcodes.html]
[localhost/wuhbet/wp-content/themes/enfold/framework/php/avia_shortcodes/tinymce/index.html]
[localhost/wuhbet/wp-content/themes/enfold/framework/php/function.html]
[localhost/wuhbet/wp-content/themes/enfold/framework/php/function-2.html]
[localhost/wuhbet/wp-content/themes/enfold/framework/php/wordpress-importer/indexc052.html]
[localhost/wuhbet/wp-content/themes/enfold/framework/php/wordpress-importer/indexf8a0.html]
[localhost/wuhbet/wp-content/themes/enfold/framework/php/wordpress-importer/indexbfec.html]
[localhost/wuhbet/wp-content/themes/enfold/framework/php/wordpress-importer/index30b5.html]
[localhost/wuhbet/wp-content/themes/enfold/framework/php/wordpress-importer/avia-export-class.html]
[localhost/wuhbet/wp-content/themes/enfold/framework/php/wordpress-importer/avia-import-class.html]
[localhost/wuhbet/wp-content/themes/enfold/framework/php/wordpress-importer/parsers.html]
[localhost/wuhbet/wp-content/themes/enfold/framework/php/wordpress-importer/wordpress-importer.html]
[localhost/wuhbet/wp-content/themes/enfold/framework/css/conditional_load/indexb70a.html]
[localhost/wuhbet/wp-content/themes/enfold/framework/css/conditional_load/index72c9.html]
[localhost/wuhbet/wp-content/themes/enfold/framework/css/conditional_load/index5851.html]
[localhost/wuhbet/wp-content/themes/enfold/framework/css/conditional_load/indexad3f.html]
[localhost/wuhbet/wp-content/themes/enfold/framework/images/colorpicker/indexb70a.html]
[localhost/wuhbet/wp-content/themes/enfold/framework/images/colorpicker/index72c9.html]
[localhost/wuhbet/wp-content/themes/enfold/framework/images/colorpicker/index5851.html]
[localhost/wuhbet/wp-content/themes/enfold/framework/images/colorpicker/indexad3f.html]
[localhost/wuhbet/wp-content/themes/enfold/framework/images/icons/indexb70a.html]
[localhost/wuhbet/wp-content/themes/enfold/framework/images/icons/index72c9.html]
[localhost/wuhbet/wp-content/themes/enfold/framework/images/icons/index5851.html]
[localhost/wuhbet/wp-content/themes/enfold/framework/images/icons/indexad3f.html]
[localhost/wuhbet/wp-content/themes/enfold/framework/images/layout/indexb70a.html]
[localhost/wuhbet/wp-content/themes/enfold/framework/images/layout/index72c9.html]
[localhost/wuhbet/wp-content/themes/enfold/framework/images/layout/index5851.html]
[localhost/wuhbet/wp-content/themes/enfold/framework/images/layout/indexad3f.html]
[localhost/wuhbet/wp-content/themes/enfold/framework/js/conditional_load/indexb70a.html]
[localhost/wuhbet/wp-content/themes/enfold/framework/js/conditional_load/index72c9.html]
[localhost/wuhbet/wp-content/themes/enfold/framework/js/conditional_load/index5851.html]
[localhost/wuhbet/wp-content/themes/enfold/framework/js/conditional_load/indexad3f.html]
[localhost/wuhbet/wp-content/themes/enfold/framework/php/auto-updates/indexb70a.html]
[localhost/wuhbet/wp-content/themes/enfold/framework/php/auto-updates/index72c9.html]
[localhost/wuhbet/wp-content/themes/enfold/framework/php/auto-updates/index5851.html]
[localhost/wuhbet/wp-content/themes/enfold/framework/php/auto-updates/indexad3f.html]
[localhost/wuhbet/wp-content/themes/enfold/framework/php/avia_shortcodes/indexb70a.html]
[localhost/wuhbet/wp-content/themes/enfold/framework/php/avia_shortcodes/index72c9.html]
[localhost/wuhbet/wp-content/themes/enfold/framework/php/avia_shortcodes/index5851.html]
[localhost/wuhbet/wp-content/themes/enfold/framework/php/avia_shortcodes/indexad3f.html]
[localhost/wuhbet/wp-content/themes/enfold/framework/php/avia_shortcodes/css/indexc052.html]
[localhost/wuhbet/wp-content/themes/enfold/framework/php/avia_shortcodes/css/indexf8a0.html]
[localhost/wuhbet/wp-content/themes/enfold/framework/php/avia_shortcodes/css/indexbfec.html]
[localhost/wuhbet/wp-content/themes/enfold/framework/php/avia_shortcodes/css/index30b5.html]
[localhost/wuhbet/wp-content/themes/enfold/framework/php/avia_shortcodes/css/styles.css]
[localhost/wuhbet/wp-content/themes/enfold/framework/php/avia_shortcodes/img/indexc052.html]
[localhost/wuhbet/wp-content/themes/enfold/framework/php/avia_shortcodes/img/indexf8a0.html]
[localhost/wuhbet/wp-content/themes/enfold/framework/php/avia_shortcodes/img/checkmark.gif]
[localhost/wuhbet/wp-content/themes/enfold/framework/php/avia_shortcodes/img/indexbfec.html]
[localhost/wuhbet/wp-content/themes/enfold/framework/php/avia_shortcodes/img/globe-preloader.gif]
[localhost/wuhbet/wp-content/themes/enfold/framework/php/avia_shortcodes/img/index30b5.html]
[localhost/wuhbet/wp-content/themes/enfold/framework/php/avia_shortcodes/img/preloader.gif]
[localhost/wuhbet/wp-content/themes/enfold/framework/php/avia_shortcodes/img/x.gif]
[localhost/wuhbet/wp-content/themes/enfold/framework/php/avia_shortcodes/sc/indexc052.html]
[localhost/wuhbet/wp-content/themes/enfold/framework/php/avia_shortcodes/sc/indexf8a0.html]
[localhost/wuhbet/wp-content/themes/enfold/framework/php/avia_shortcodes/sc/indexbfec.html]
[localhost/wuhbet/wp-content/themes/enfold/framework/php/avia_shortcodes/sc/index30b5.html]
[localhost/wuhbet/wp-content/themes/enfold/framework/php/avia_shortcodes/sc/big_box.js]
[localhost/wuhbet/wp-content/themes/enfold/framework/php/avia_shortcodes/sc/button.js]
[localhost/wuhbet/wp-content/themes/enfold/framework/php/avia_shortcodes/sc/box.js]
[localhost/wuhbet/wp-content/themes/enfold/framework/php/avia_shortcodes/sc/digg.js]
[localhost/wuhbet/wp-content/themes/enfold/framework/php/avia_shortcodes/sc/column.js]
[localhost/wuhbet/wp-content/themes/enfold/framework/php/avia_shortcodes/sc/iconbox.js]
[localhost/wuhbet/wp-content/themes/enfold/framework/php/avia_shortcodes/sc/fblike.js]
[localhost/wuhbet/wp-content/themes/enfold/framework/php/avia_shortcodes/sc/ilink.js]
[localhost/wuhbet/wp-content/themes/enfold/framework/php/avia_shortcodes/sc/iconbox_top.js]
[localhost/wuhbet/wp-content/themes/enfold/framework/php/avia_shortcodes/sc/latest_portfolio.js]
[localhost/wuhbet/wp-content/themes/enfold/framework/php/avia_shortcodes/sc/latest_posts.js]
[localhost/wuhbet/wp-content/themes/enfold/framework/php/avia_shortcodes/sc/quote.js]
[localhost/wuhbet/wp-content/themes/enfold/framework/php/avia_shortcodes/sc/latest_tweets.js]
[localhost/wuhbet/wp-content/themes/enfold/framework/php/avia_shortcodes/sc/sidebar_tabs.js]
[localhost/wuhbet/wp-content/themes/enfold/framework/php/avia_shortcodes/sc/related.js]
[localhost/wuhbet/wp-content/themes/enfold/framework/php/avia_shortcodes/sc/tab.js]
[localhost/wuhbet/wp-content/themes/enfold/framework/php/avia_shortcodes/sc/slider.js]
[localhost/wuhbet/wp-content/themes/enfold/framework/php/avia_shortcodes/sc/toggle.js]
[localhost/wuhbet/wp-content/themes/enfold/framework/php/avia_shortcodes/sc/table.js]
[localhost/wuhbet/wp-content/themes/enfold/framework/php/avia_shortcodes/sc/tweetmeme.js]
[localhost/wuhbet/wp-content/themes/enfold/framework/php/avia_shortcodes/sc/twitter.js]
[localhost/wuhbet/wp-content/themes/enfold/framework/php/avia_shortcodes/tinymce/indexc052.html]
[localhost/wuhbet/wp-content/themes/enfold/framework/php/avia_shortcodes/tinymce/indexf8a0.html]
[localhost/wuhbet/wp-content/themes/enfold/framework/php/avia_shortcodes/tinymce/indexbfec.html]
[localhost/wuhbet/wp-content/themes/enfold/framework/php/avia_shortcodes/tinymce/editor_plugin.js]
[localhost/wuhbet/wp-content/themes/enfold/framework/php/avia_shortcodes/tinymce/index30b5.html]
[localhost/wuhbet/wp-content/themes/enfold/framework/php/avia_shortcodes/tinymce/editor_plugin_3.js]
[localhost/wuhbet/wp-content/themes/enfold/framework/php/avia_shortcodes/tinymce/dialog.html]
[localhost/wuhbet/wp-content/themes/enfold/framework/php/avia_shortcodes/tinymce/img/index.html]
[localhost/wuhbet/wp-content/themes/enfold/framework/php/avia_shortcodes/tinymce/js/index.html]
[localhost/wuhbet/wp-content/themes/enfold/framework/php/wordpress-importer/indexb70a.html]
[localhost/wuhbet/wp-content/themes/enfold/framework/php/wordpress-importer/index72c9.html]
[localhost/wuhbet/wp-content/themes/enfold/framework/php/wordpress-importer/index5851.html]
[localhost/wuhbet/wp-content/themes/enfold/framework/php/wordpress-importer/indexad3f.html]
[localhost/wuhbet/wp-content/themes/enfold/framework/php/avia_shortcodes/css/indexb70a.html]
[localhost/wuhbet/wp-content/themes/enfold/framework/php/avia_shortcodes/css/index72c9.html]
[localhost/wuhbet/wp-content/themes/enfold/framework/php/avia_shortcodes/css/index5851.html]
[localhost/wuhbet/wp-content/themes/enfold/framework/php/avia_shortcodes/css/indexad3f.html]
[localhost/wuhbet/wp-content/themes/enfold/framework/php/avia_shortcodes/img/indexb70a.html]
[localhost/wuhbet/wp-content/themes/enfold/framework/php/avia_shortcodes/img/index72c9.html]
[localhost/wuhbet/wp-content/themes/enfold/framework/php/avia_shortcodes/img/index5851.html]
[localhost/wuhbet/wp-content/themes/enfold/framework/php/avia_shortcodes/img/indexad3f.html]
[localhost/wuhbet/wp-content/themes/enfold/framework/php/avia_shortcodes/sc/indexb70a.html]
[localhost/wuhbet/wp-content/themes/enfold/framework/php/avia_shortcodes/sc/index72c9.html]
[localhost/wuhbet/wp-content/themes/enfold/framework/php/avia_shortcodes/sc/index5851.html]
[localhost/wuhbet/wp-content/themes/enfold/framework/php/avia_shortcodes/sc/indexad3f.html]
[localhost/wuhbet/wp-content/themes/enfold/framework/php/avia_shortcodes/tinymce/indexb70a.html]
[localhost/wuhbet/wp-content/themes/enfold/framework/php/avia_shortcodes/tinymce/index72c9.html]
[localhost/wuhbet/wp-content/themes/enfold/framework/php/avia_shortcodes/tinymce/index5851.html]
[localhost/wuhbet/wp-content/themes/enfold/framework/php/avia_shortcodes/tinymce/indexad3f.html]
[localhost/wuhbet/wp-content/themes/enfold/framework/php/avia_shortcodes/tinymce/img/indexc052.html]
[localhost/wuhbet/wp-content/themes/enfold/framework/php/avia_shortcodes/tinymce/img/indexf8a0.html]
[localhost/wuhbet/wp-content/themes/enfold/framework/php/avia_shortcodes/tinymce/img/indexbfec.html]
[localhost/wuhbet/wp-content/themes/enfold/framework/php/avia_shortcodes/tinymce/img/index30b5.html]
[localhost/wuhbet/wp-content/themes/enfold/framework/php/avia_shortcodes/tinymce/js/indexc052.html]
[localhost/wuhbet/wp-content/themes/enfold/framework/php/avia_shortcodes/tinymce/js/indexf8a0.html]
[localhost/wuhbet/wp-content/themes/enfold/framework/php/avia_shortcodes/tinymce/js/indexbfec.html]
[localhost/wuhbet/wp-content/themes/enfold/framework/php/avia_shortcodes/tinymce/js/index30b5.html]
[localhost/wuhbet/wp-content/themes/enfold/framework/php/avia_shortcodes/tinymce/js/column-control.js]
[localhost/wuhbet/wp-content/themes/enfold/framework/php/avia_shortcodes/tinymce/js/sidebar-tab-control.js]
[localhost/wuhbet/wp-content/themes/enfold/framework/php/avia_shortcodes/tinymce/js/dialog.js]
[localhost/wuhbet/wp-content/themes/enfold/framework/php/avia_shortcodes/tinymce/js/table-control.js]
[localhost/wuhbet/wp-content/themes/enfold/framework/php/avia_shortcodes/tinymce/js/tab-control.js]
[localhost/wuhbet/wp-content/themes/enfold/framework/php/avia_shortcodes/tinymce/img/indexb70a.html]
[localhost/wuhbet/wp-content/themes/enfold/framework/php/avia_shortcodes/tinymce/img/index72c9.html]
[localhost/wuhbet/wp-content/themes/enfold/framework/php/avia_shortcodes/tinymce/img/index5851.html]
[localhost/wuhbet/wp-content/themes/enfold/framework/php/avia_shortcodes/tinymce/img/indexad3f.html]
[localhost/wuhbet/wp-content/themes/enfold/framework/php/avia_shortcodes/tinymce/js/indexb70a.html]
[localhost/wuhbet/wp-content/themes/enfold/framework/php/avia_shortcodes/tinymce/js/index72c9.html]
[localhost/wuhbet/wp-content/themes/enfold/framework/php/avia_shortcodes/tinymce/js/index5851.html]
[localhost/wuhbet/wp-content/themes/enfold/framework/php/avia_shortcodes/tinymce/js/indexad3f.html]
